// Jest Snapshot v1, https://goo.gl/fbAQLP

exports[`NotificationBar enders correctly react-test-renderer 1`] = `ShallowWrapper {}`;
