// Jest Snapshot v1, https://goo.gl/fbAQLP

exports[`SCREEN: Home enders correctly react-test-renderer 1`] = `ShallowWrapper {}`;
